// Jest Snapshot v1, https://goo.gl/fbAQLP

exports[`Testing in GifItem debe hacer match con el snapshot 1`] = `
<div>
  <div
    class="card"
  >
    <img
      alt="Gravity Falls"
      src="https://gravity-falls.com/cipher.png"
    />
    <p>
      Gravity Falls
    </p>
  </div>
</div>
`;
